Archive member included to satisfy reference by file (symbol)

/usr/lib/gcc/arm-none-eabi/10.3.1/../../../arm-none-eabi/lib/thumb/v7e-m+fp/hard/libc.a(lib_a-atexit.o)
                              /usr/lib/gcc/arm-none-eabi/10.3.1/../../../arm-none-eabi/lib/thumb/v7e-m+fp/hard/crt0.o (atexit)
/usr/lib/gcc/arm-none-eabi/10.3.1/../../../arm-none-eabi/lib/thumb/v7e-m+fp/hard/libc.a(lib_a-exit.o)
                              /usr/lib/gcc/arm-none-eabi/10.3.1/../../../arm-none-eabi/lib/thumb/v7e-m+fp/hard/crt0.o (exit)
/usr/lib/gcc/arm-none-eabi/10.3.1/../../../arm-none-eabi/lib/thumb/v7e-m+fp/hard/libc.a(lib_a-fini.o)
                              /usr/lib/gcc/arm-none-eabi/10.3.1/../../../arm-none-eabi/lib/thumb/v7e-m+fp/hard/crt0.o (__libc_fini_array)
/usr/lib/gcc/arm-none-eabi/10.3.1/../../../arm-none-eabi/lib/thumb/v7e-m+fp/hard/libc.a(lib_a-impure.o)
                              /usr/lib/gcc/arm-none-eabi/10.3.1/../../../arm-none-eabi/lib/thumb/v7e-m+fp/hard/libc.a(lib_a-exit.o) (_global_impure_ptr)
/usr/lib/gcc/arm-none-eabi/10.3.1/../../../arm-none-eabi/lib/thumb/v7e-m+fp/hard/libc.a(lib_a-init.o)
                              /usr/lib/gcc/arm-none-eabi/10.3.1/../../../arm-none-eabi/lib/thumb/v7e-m+fp/hard/crt0.o (__libc_init_array)
/usr/lib/gcc/arm-none-eabi/10.3.1/../../../arm-none-eabi/lib/thumb/v7e-m+fp/hard/libc.a(lib_a-memset.o)
                              /usr/lib/gcc/arm-none-eabi/10.3.1/../../../arm-none-eabi/lib/thumb/v7e-m+fp/hard/crt0.o (memset)
/usr/lib/gcc/arm-none-eabi/10.3.1/../../../arm-none-eabi/lib/thumb/v7e-m+fp/hard/libc.a(lib_a-__atexit.o)
                              /usr/lib/gcc/arm-none-eabi/10.3.1/../../../arm-none-eabi/lib/thumb/v7e-m+fp/hard/libc.a(lib_a-atexit.o) (__register_exitproc)
/usr/lib/gcc/arm-none-eabi/10.3.1/../../../arm-none-eabi/lib/thumb/v7e-m+fp/hard/libc.a(lib_a-__call_atexit.o)
                              /usr/lib/gcc/arm-none-eabi/10.3.1/../../../arm-none-eabi/lib/thumb/v7e-m+fp/hard/libc.a(lib_a-exit.o) (__call_exitprocs)
lib/libstm32.a(io.o)          lib/i2c.o (io_configure)
lib/libstm32.a(uart.o)        src/main.o (uart_init)
lib/libstm32.a(util.o)        lib/libstm32.a(uart.o) (num2str)

Discarded input sections

 .text          0x0000000000000000        0x0 /usr/lib/gcc/arm-none-eabi/10.3.1/thumb/v7e-m+fp/hard/crti.o
 .text          0x0000000000000000       0x70 /usr/lib/gcc/arm-none-eabi/10.3.1/../../../arm-none-eabi/lib/thumb/v7e-m+fp/hard/crt0.o
 .ARM.extab     0x0000000000000000        0x0 /usr/lib/gcc/arm-none-eabi/10.3.1/../../../arm-none-eabi/lib/thumb/v7e-m+fp/hard/crt0.o
 .ARM.exidx     0x0000000000000000       0x10 /usr/lib/gcc/arm-none-eabi/10.3.1/../../../arm-none-eabi/lib/thumb/v7e-m+fp/hard/crt0.o
 .text          0x0000000000000000        0x0 startup/stm32f411_periph.o
 .text          0x0000000000000000       0x6c libshield/lm75.o
 .text          0x0000000000000000        0x0 startup/startup_stm32f411xe.o
 .text          0x0000000000000000       0x20 /usr/lib/gcc/arm-none-eabi/10.3.1/../../../arm-none-eabi/lib/thumb/v7e-m+fp/hard/libc.a(lib_a-exit.o)
 .text          0x0000000000000000        0x0 /usr/lib/gcc/arm-none-eabi/10.3.1/../../../arm-none-eabi/lib/thumb/v7e-m+fp/hard/libc.a(lib_a-impure.o)
 .text          0x0000000000000000       0xa4 /usr/lib/gcc/arm-none-eabi/10.3.1/../../../arm-none-eabi/lib/thumb/v7e-m+fp/hard/libc.a(lib_a-memset.o)
 .text          0x0000000000000000       0xb8 /usr/lib/gcc/arm-none-eabi/10.3.1/../../../arm-none-eabi/lib/thumb/v7e-m+fp/hard/libc.a(lib_a-__call_atexit.o)
 .text          0x0000000000000000        0x0 /usr/lib/gcc/arm-none-eabi/10.3.1/thumb/v7e-m+fp/hard/crtend.o
 .eh_frame      0x0000000000000000        0x4 /usr/lib/gcc/arm-none-eabi/10.3.1/thumb/v7e-m+fp/hard/crtend.o
 .text          0x0000000000000000        0x0 /usr/lib/gcc/arm-none-eabi/10.3.1/thumb/v7e-m+fp/hard/crtn.o

Memory Configuration

Name             Origin             Length             Attributes
FLASH            0x0000000008000000 0x0000000000080000 xr
RAM              0x0000000020000000 0x0000000000020000 xrw
*default*        0x0000000000000000 0xffffffffffffffff

Linker script and memory map

LOAD /usr/lib/gcc/arm-none-eabi/10.3.1/thumb/v7e-m+fp/hard/crti.o
LOAD /usr/lib/gcc/arm-none-eabi/10.3.1/thumb/v7e-m+fp/hard/crtbegin.o
LOAD /usr/lib/gcc/arm-none-eabi/10.3.1/../../../arm-none-eabi/lib/thumb/v7e-m+fp/hard/crt0.o
LOAD startup/stm32f411_periph.o
LOAD startup/sys_handlers.o
LOAD startup/rcc.o
LOAD startup/system_stm32f4xx.o
LOAD lib/i2c.o
LOAD lib/timer.o
LOAD src/main.o
LOAD libshield/lm75.o
LOAD libshield/gesture.o
LOAD libshield/sunlight.o
LOAD startup/startup_stm32f411xe.o
LOAD /usr/lib/gcc/arm-none-eabi/10.3.1/../../../arm-none-eabi/lib/thumb/v7e-m+fp/hard/libc.a
LOAD /usr/lib/gcc/arm-none-eabi/10.3.1/thumb/v7e-m+fp/hard/libgcc.a
LOAD /usr/lib/gcc/arm-none-eabi/10.3.1/thumb/v7e-m+fp/hard/libgcov.a
LOAD /usr/lib/gcc/arm-none-eabi/10.3.1/../../../arm-none-eabi/lib/thumb/v7e-m+fp/hard/libm.a
LOAD libshield/libshield.a
LOAD lib/libstm32.a
START GROUP
LOAD /usr/lib/gcc/arm-none-eabi/10.3.1/thumb/v7e-m+fp/hard/libgcc.a
LOAD /usr/lib/gcc/arm-none-eabi/10.3.1/../../../arm-none-eabi/lib/thumb/v7e-m+fp/hard/libc.a
END GROUP
LOAD /usr/lib/gcc/arm-none-eabi/10.3.1/thumb/v7e-m+fp/hard/crtend.o
LOAD /usr/lib/gcc/arm-none-eabi/10.3.1/thumb/v7e-m+fp/hard/crtn.o
                0x0000000020020000                _estack = 0x20020000
                0x0000000000000200                _Min_Heap_Size = 0x200
                0x0000000000000400                _Min_Stack_Size = 0x400

.isr_vector     0x0000000008000000      0x198
                0x0000000008000000                . = ALIGN (0x4)
 *(.isr_vector)
 .isr_vector    0x0000000008000000      0x198 startup/startup_stm32f411xe.o
                0x0000000008000000                g_pfnVectors
                0x0000000008000198                . = ALIGN (0x4)

.text           0x0000000008000198     0x2874
                0x0000000008000198                . = ALIGN (0x4)
 *(.text)
 .text          0x0000000008000198       0x88 /usr/lib/gcc/arm-none-eabi/10.3.1/thumb/v7e-m+fp/hard/crtbegin.o
 .text          0x0000000008000220       0x5e startup/sys_handlers.o
                0x0000000008000220                NMI_Handler
                0x000000000800022e                HardFault_Handler
                0x0000000008000234                MemManage_Handler
                0x000000000800023a                BusFault_Handler
                0x0000000008000240                UsageFault_Handler
                0x0000000008000246                SVC_Handler
                0x0000000008000254                DebugMon_Handler
                0x0000000008000262                PendSV_Handler
                0x0000000008000270                SysTick_Handler
 *fill*         0x000000000800027e        0x2 
 .text          0x0000000008000280      0x498 startup/rcc.o
                0x00000000080004a0                rcc_sys_clk_cfg
                0x0000000008000694                rcc_i2s_clk_cfg
 .text          0x0000000008000718      0x170 startup/system_stm32f4xx.o
                0x0000000008000718                SystemInit
                0x0000000008000788                SystemCoreClockUpdate
 .text          0x0000000008000888      0x6c4 lib/i2c.o
                0x0000000008000968                event_handler
                0x0000000008000b34                err_handler
                0x0000000008000bd4                I2C1_EV_IRQHandler
                0x0000000008000be8                I2C1_ER_IRQHandler
                0x0000000008000bfc                I2C2_EV_IRQHandler
                0x0000000008000c10                I2C2_ER_IRQHandler
                0x0000000008000c24                I2C3_EV_IRQHandler
                0x0000000008000c38                I2C3_ER_IRQHandler
                0x0000000008000c4c                i2c_master_init
                0x0000000008000d84                i2c_write
                0x0000000008000e1c                i2c_read
                0x0000000008000eb4                i2c_write_read
 .text          0x0000000008000f4c      0x77c lib/timer.o
                0x0000000008000fd4                TIM2_IRQHandler
                0x0000000008000ffc                TIM3_IRQHandler
                0x0000000008001024                TIM4_IRQHandler
                0x000000000800104c                TIM5_IRQHandler
                0x0000000008001074                timer_wait_ms
                0x000000000800117c                timer_wait_us
                0x000000000800127c                timer_tick_init
                0x0000000008001414                timer_tick_period
                0x000000000800142c                timer_start
                0x000000000800145c                timer_stop
                0x000000000800147c                timer_read
                0x0000000008001494                pwm_init
                0x0000000008001580                pwm_channel_enable
                0x000000000800164c                pwm_channel_disable
                0x000000000800167a                pwm_channel_set
 .text          0x00000000080016c8      0x13c src/main.o
                0x00000000080016e8                main
 .text          0x0000000008001804      0x5cc libshield/gesture.o
                0x0000000008001804                init
                0x00000000080018bc                paj7620SelectBank
                0x0000000008001900                paj7620WriteReg
                0x0000000008001934                paj7620ReadReg
                0x0000000008001990                return_gesture
                0x0000000008001b48                print_gesture
 .text          0x0000000008001dd0      0x2ac libshield/sunlight.o
                0x0000000008001dd0                SI114X_DeInit
                0x0000000008001e80                SI114X_Begin
                0x0000000008001eb0                SI114X_Reset
                0x0000000008001f1c                SI114X_WriteByte
                0x0000000008001f50                SI114X_ReadByte
                0x0000000008001f88                SI114X_ReadHalfWord
                0x0000000008001fcc                SI114X_ReadParamData
                0x0000000008001ff6                SI114X_WriteParamData
                0x0000000008002030                SI114X_ReadVisible
                0x0000000008002040                SI114X_ReadIR
                0x0000000008002050                SI114X_ReadProximity
                0x000000000800206c                SI114X_ReadUV
 .text          0x000000000800207c        0xc /usr/lib/gcc/arm-none-eabi/10.3.1/../../../arm-none-eabi/lib/thumb/v7e-m+fp/hard/libc.a(lib_a-atexit.o)
                0x000000000800207c                atexit
 .text          0x0000000008002088       0x2c /usr/lib/gcc/arm-none-eabi/10.3.1/../../../arm-none-eabi/lib/thumb/v7e-m+fp/hard/libc.a(lib_a-fini.o)
                0x0000000008002088                __libc_fini_array
 .text          0x00000000080020b4       0x48 /usr/lib/gcc/arm-none-eabi/10.3.1/../../../arm-none-eabi/lib/thumb/v7e-m+fp/hard/libc.a(lib_a-init.o)
                0x00000000080020b4                __libc_init_array
 .text          0x00000000080020fc       0x68 /usr/lib/gcc/arm-none-eabi/10.3.1/../../../arm-none-eabi/lib/thumb/v7e-m+fp/hard/libc.a(lib_a-__atexit.o)
                0x00000000080020fc                __register_exitproc
 .text          0x0000000008002164      0x508 lib/libstm32.a(io.o)
                0x0000000008002164                EXTI0_IRQHandler
                0x0000000008002180                EXTI1_IRQHandler
                0x000000000800219c                EXTI2_IRQHandler
                0x00000000080021b8                EXTI3_IRQHandler
                0x00000000080021d4                EXTI4_IRQHandler
                0x00000000080021f0                EXTI9_5_IRQHandler
                0x0000000008002270                EXTI15_10_IRQHandler
                0x000000000800230c                io_configure
                0x0000000008002638                io_read
                0x0000000008002640                io_write
                0x0000000008002650                io_write_n
                0x0000000008002660                io_set
                0x0000000008002664                io_clear
 .text          0x000000000800266c      0x270 lib/libstm32.a(uart.o)
                0x000000000800266c                USART2_IRQHandler
                0x00000000080026a0                uart_init
                0x0000000008002748                uart_getc
                0x0000000008002754                uart_getchar
                0x0000000008002768                uart_putc
                0x0000000008002774                uart_puts
                0x000000000800278c                uart_printf
 .text          0x00000000080028dc       0xb4 lib/libstm32.a(util.o)
                0x00000000080028dc                num2str
                0x000000000800292c                str2num
 *(.text*)
 .text.Reset_Handler
                0x0000000008002990       0x4c startup/startup_stm32f411xe.o
                0x0000000008002990                Reset_Handler
                0x00000000080029c2                _exit
 .text.Default_Handler
                0x00000000080029dc        0x2 startup/startup_stm32f411xe.o
                0x00000000080029dc                RTC_Alarm_IRQHandler
                0x00000000080029dc                SPI4_IRQHandler
                0x00000000080029dc                TIM1_CC_IRQHandler
                0x00000000080029dc                DMA2_Stream5_IRQHandler
                0x00000000080029dc                DMA1_Stream5_IRQHandler
                0x00000000080029dc                PVD_IRQHandler
                0x00000000080029dc                SDIO_IRQHandler
                0x00000000080029dc                TAMP_STAMP_IRQHandler
                0x00000000080029dc                TIM1_UP_TIM10_IRQHandler
                0x00000000080029dc                DMA1_Stream2_IRQHandler
                0x00000000080029dc                FPU_IRQHandler
                0x00000000080029dc                DMA2_Stream2_IRQHandler
                0x00000000080029dc                SPI1_IRQHandler
                0x00000000080029dc                TIM1_BRK_TIM9_IRQHandler
                0x00000000080029dc                DMA2_Stream3_IRQHandler
                0x00000000080029dc                USART6_IRQHandler
                0x00000000080029dc                DMA2_Stream0_IRQHandler
                0x00000000080029dc                DMA1_Stream6_IRQHandler
                0x00000000080029dc                DMA1_Stream1_IRQHandler
                0x00000000080029dc                RCC_IRQHandler
                0x00000000080029dc                Default_Handler
                0x00000000080029dc                ADC_IRQHandler
                0x00000000080029dc                DMA1_Stream7_IRQHandler
                0x00000000080029dc                SPI5_IRQHandler
                0x00000000080029dc                DMA2_Stream7_IRQHandler
                0x00000000080029dc                RTC_WKUP_IRQHandler
                0x00000000080029dc                SPI2_IRQHandler
                0x00000000080029dc                DMA1_Stream0_IRQHandler
                0x00000000080029dc                WWDG_IRQHandler
                0x00000000080029dc                OTG_FS_WKUP_IRQHandler
                0x00000000080029dc                TIM1_TRG_COM_TIM11_IRQHandler
                0x00000000080029dc                DMA2_Stream1_IRQHandler
                0x00000000080029dc                FLASH_IRQHandler
                0x00000000080029dc                DMA2_Stream4_IRQHandler
                0x00000000080029dc                USART1_IRQHandler
                0x00000000080029dc                OTG_FS_IRQHandler
                0x00000000080029dc                SPI3_IRQHandler
                0x00000000080029dc                DMA1_Stream4_IRQHandler
                0x00000000080029dc                DMA2_Stream6_IRQHandler
                0x00000000080029dc                DMA1_Stream3_IRQHandler
 *fill*         0x00000000080029de        0x2 
 .text.startup  0x00000000080029e0       0x14 /usr/lib/gcc/arm-none-eabi/10.3.1/../../../arm-none-eabi/lib/thumb/v7e-m+fp/hard/libc.a(lib_a-__call_atexit.o)
 *(.glue_7)
 .glue_7        0x00000000080029f4        0x0 linker stubs
 *(.glue_7t)
 .glue_7t       0x00000000080029f4        0x0 linker stubs
 *(.eh_frame)
 .eh_frame      0x00000000080029f4        0x0 /usr/lib/gcc/arm-none-eabi/10.3.1/thumb/v7e-m+fp/hard/crtbegin.o
 *(.init)
 .init          0x00000000080029f4        0x4 /usr/lib/gcc/arm-none-eabi/10.3.1/thumb/v7e-m+fp/hard/crti.o
                0x00000000080029f4                _init
 .init          0x00000000080029f8        0x8 /usr/lib/gcc/arm-none-eabi/10.3.1/thumb/v7e-m+fp/hard/crtn.o
 *(.fini)
 .fini          0x0000000008002a00        0x4 /usr/lib/gcc/arm-none-eabi/10.3.1/thumb/v7e-m+fp/hard/crti.o
                0x0000000008002a00                _fini
 .fini          0x0000000008002a04        0x8 /usr/lib/gcc/arm-none-eabi/10.3.1/thumb/v7e-m+fp/hard/crtn.o
                0x0000000008002a0c                . = ALIGN (0x4)
                0x0000000008002a0c                _etext = .

.vfp11_veneer   0x0000000008002a0c        0x0
 .vfp11_veneer  0x0000000008002a0c        0x0 linker stubs

.v4_bx          0x0000000008002a0c        0x0
 .v4_bx         0x0000000008002a0c        0x0 linker stubs

.iplt           0x0000000008002a0c        0x0
 .iplt          0x0000000008002a0c        0x0 /usr/lib/gcc/arm-none-eabi/10.3.1/thumb/v7e-m+fp/hard/crtbegin.o

.rodata         0x0000000008002a0c      0x2ac
                0x0000000008002a0c                . = ALIGN (0x4)
 *(.rodata)
 .rodata        0x0000000008002a0c       0x24 /usr/lib/gcc/arm-none-eabi/10.3.1/thumb/v7e-m+fp/hard/crtbegin.o
 .rodata        0x0000000008002a30      0x114 startup/stm32f411_periph.o
                0x0000000008002a30                _SCnSCB
                0x0000000008002a34                _SCB
                0x0000000008002a38                _SysTick
                0x0000000008002a3c                _NVIC
                0x0000000008002a40                _ITM
                0x0000000008002a44                _DWT
                0x0000000008002a48                _TPI
                0x0000000008002a4c                _CoreDebug
                0x0000000008002a50                _MPU
                0x0000000008002a54                _FPU
                0x0000000008002a58                _TIM2
                0x0000000008002a5c                _TIM3
                0x0000000008002a60                _TIM4
                0x0000000008002a64                _TIM5
                0x0000000008002a68                _RTC
                0x0000000008002a6c                _WWDG
                0x0000000008002a70                _IWDG
                0x0000000008002a74                _I2S2ext
                0x0000000008002a78                _SPI2
                0x0000000008002a7c                _SPI3
                0x0000000008002a80                _I2S3ext
                0x0000000008002a84                _USART2
                0x0000000008002a88                _I2C1
                0x0000000008002a8c                _I2C2
                0x0000000008002a90                _I2C3
                0x0000000008002a94                _PWR
                0x0000000008002a98                _TIM1
                0x0000000008002a9c                _USART1
                0x0000000008002aa0                _USART6
                0x0000000008002aa4                _ADC1
                0x0000000008002aa8                _ADC
                0x0000000008002aac                _SDIO
                0x0000000008002ab0                _SPI1
                0x0000000008002ab4                _SPI4
                0x0000000008002ab8                _SYSCFG
                0x0000000008002abc                _EXTI
                0x0000000008002ac0                _TIM9
                0x0000000008002ac4                _TIM10
                0x0000000008002ac8                _TIM11
                0x0000000008002acc                _SPI5
                0x0000000008002ad0                _GPIOA
                0x0000000008002ad4                _GPIOB
                0x0000000008002ad8                _GPIOC
                0x0000000008002adc                _GPIOD
                0x0000000008002ae0                _GPIOE
                0x0000000008002ae4                _GPIOH
                0x0000000008002ae8                _CRC
                0x0000000008002aec                _RCC
                0x0000000008002af0                _FLASH
                0x0000000008002af4                _DMA1
                0x0000000008002af8                _DMA1_Stream0
                0x0000000008002afc                _DMA1_Stream1
                0x0000000008002b00                _DMA1_Stream2
                0x0000000008002b04                _DMA1_Stream3
                0x0000000008002b08                _DMA1_Stream4
                0x0000000008002b0c                _DMA1_Stream5
                0x0000000008002b10                _DMA1_Stream6
                0x0000000008002b14                _DMA1_Stream7
                0x0000000008002b18                _DMA2
                0x0000000008002b1c                _DMA2_Stream0
                0x0000000008002b20                _DMA2_Stream1
                0x0000000008002b24                _DMA2_Stream2
                0x0000000008002b28                _DMA2_Stream3
                0x0000000008002b2c                _DMA2_Stream4
                0x0000000008002b30                _DMA2_Stream5
                0x0000000008002b34                _DMA2_Stream6
                0x0000000008002b38                _DMA2_Stream7
                0x0000000008002b3c                _DBGMCU
                0x0000000008002b40                _USB_OTG_FS
 .rodata        0x0000000008002b44       0x18 startup/system_stm32f4xx.o
                0x0000000008002b44                AHBPrescTable
                0x0000000008002b54                APBPrescTable
 .rodata        0x0000000008002b5c       0x58 src/main.o
 .rodata        0x0000000008002bb4       0xc6 libshield/gesture.o
 *fill*         0x0000000008002c7a        0x2 
 .rodata        0x0000000008002c7c        0x4 /usr/lib/gcc/arm-none-eabi/10.3.1/../../../arm-none-eabi/lib/thumb/v7e-m+fp/hard/libc.a(lib_a-impure.o)
                0x0000000008002c7c                _global_impure_ptr
 .rodata        0x0000000008002c80       0x11 lib/libstm32.a(util.o)
 *fill*         0x0000000008002c91        0x3 
 .rodata        0x0000000008002c94       0x24 /usr/lib/gcc/arm-none-eabi/10.3.1/thumb/v7e-m+fp/hard/crtend.o
 *(.rodata*)
                0x0000000008002cb8                . = ALIGN (0x4)

.rel.dyn        0x0000000008002cb8        0x0
 .rel.iplt      0x0000000008002cb8        0x0 /usr/lib/gcc/arm-none-eabi/10.3.1/thumb/v7e-m+fp/hard/crtbegin.o

.ARM.extab
 *(.ARM.extab* .gnu.linkonce.armextab.*)

.ARM            0x0000000008002cb8        0x0
                0x0000000008002cb8                __exidx_start = .
 *(.ARM.exidx*)
                0x0000000008002cb8                __exidx_end = .

.preinit_array  0x0000000008002cb8        0x0
                0x0000000008002cb8                PROVIDE (__preinit_array_start = .)
 *(.preinit_array*)
                0x0000000008002cb8                PROVIDE (__preinit_array_end = .)

.init_array     0x0000000008002cb8        0x8
                0x0000000008002cb8                PROVIDE (__init_array_start = .)
 *(SORT_BY_NAME(.init_array.*))
 .init_array.00000
                0x0000000008002cb8        0x4 /usr/lib/gcc/arm-none-eabi/10.3.1/../../../arm-none-eabi/lib/thumb/v7e-m+fp/hard/libc.a(lib_a-__call_atexit.o)
 *(.init_array*)
 .init_array    0x0000000008002cbc        0x4 /usr/lib/gcc/arm-none-eabi/10.3.1/thumb/v7e-m+fp/hard/crtbegin.o
                0x0000000008002cc0                PROVIDE (__init_array_end = .)

.fini_array     0x0000000008002cc0        0x4
                0x0000000008002cc0                PROVIDE (__fini_array_start = .)
 *(SORT_BY_NAME(.fini_array.*))
 *(.fini_array*)
 .fini_array    0x0000000008002cc0        0x4 /usr/lib/gcc/arm-none-eabi/10.3.1/thumb/v7e-m+fp/hard/crtbegin.o
                0x0000000008002cc4                PROVIDE (__fini_array_end = .)
                0x0000000008002cc4                _sidata = LOADADDR (.data)

.data           0x0000000020000000      0xc20 load address 0x0000000008002cc4
                0x0000000020000000                . = ALIGN (0x4)
                0x0000000020000000                _sdata = .
 *(.data)
 .data          0x0000000020000000        0x0 /usr/lib/gcc/arm-none-eabi/10.3.1/thumb/v7e-m+fp/hard/crti.o
 .data          0x0000000020000000        0x4 /usr/lib/gcc/arm-none-eabi/10.3.1/thumb/v7e-m+fp/hard/crtbegin.o
                0x0000000020000000                __dso_handle
 .data          0x0000000020000004        0x0 /usr/lib/gcc/arm-none-eabi/10.3.1/../../../arm-none-eabi/lib/thumb/v7e-m+fp/hard/crt0.o
 .data          0x0000000020000004        0x0 startup/stm32f411_periph.o
 .data          0x0000000020000004        0x0 startup/sys_handlers.o
 .data          0x0000000020000004       0xa8 startup/rcc.o
 .data          0x00000000200000ac        0x4 startup/system_stm32f4xx.o
                0x00000000200000ac                SystemCoreClock
 .data          0x00000000200000b0       0x60 lib/i2c.o
 .data          0x0000000020000110        0x0 lib/timer.o
 .data          0x0000000020000110        0x0 src/main.o
 .data          0x0000000020000110        0x1 libshield/lm75.o
 *fill*         0x0000000020000111        0x3 
 .data          0x0000000020000114      0x6d8 libshield/gesture.o
                0x0000000020000114                paj7620initRegisterArray
 .data          0x00000000200007ec        0x0 libshield/sunlight.o
 .data          0x00000000200007ec        0x0 startup/startup_stm32f411xe.o
 .data          0x00000000200007ec        0x0 /usr/lib/gcc/arm-none-eabi/10.3.1/../../../arm-none-eabi/lib/thumb/v7e-m+fp/hard/libc.a(lib_a-atexit.o)
 .data          0x00000000200007ec        0x0 /usr/lib/gcc/arm-none-eabi/10.3.1/../../../arm-none-eabi/lib/thumb/v7e-m+fp/hard/libc.a(lib_a-exit.o)
 .data          0x00000000200007ec        0x0 /usr/lib/gcc/arm-none-eabi/10.3.1/../../../arm-none-eabi/lib/thumb/v7e-m+fp/hard/libc.a(lib_a-fini.o)
 *fill*         0x00000000200007ec        0x4 
 .data          0x00000000200007f0      0x430 /usr/lib/gcc/arm-none-eabi/10.3.1/../../../arm-none-eabi/lib/thumb/v7e-m+fp/hard/libc.a(lib_a-impure.o)
                0x00000000200007f0                _impure_ptr
 .data          0x0000000020000c20        0x0 /usr/lib/gcc/arm-none-eabi/10.3.1/../../../arm-none-eabi/lib/thumb/v7e-m+fp/hard/libc.a(lib_a-init.o)
 .data          0x0000000020000c20        0x0 /usr/lib/gcc/arm-none-eabi/10.3.1/../../../arm-none-eabi/lib/thumb/v7e-m+fp/hard/libc.a(lib_a-memset.o)
 .data          0x0000000020000c20        0x0 /usr/lib/gcc/arm-none-eabi/10.3.1/../../../arm-none-eabi/lib/thumb/v7e-m+fp/hard/libc.a(lib_a-__atexit.o)
 .data          0x0000000020000c20        0x0 /usr/lib/gcc/arm-none-eabi/10.3.1/../../../arm-none-eabi/lib/thumb/v7e-m+fp/hard/libc.a(lib_a-__call_atexit.o)
 .data          0x0000000020000c20        0x0 lib/libstm32.a(io.o)
 .data          0x0000000020000c20        0x0 lib/libstm32.a(uart.o)
 .data          0x0000000020000c20        0x0 lib/libstm32.a(util.o)
 .data          0x0000000020000c20        0x0 /usr/lib/gcc/arm-none-eabi/10.3.1/thumb/v7e-m+fp/hard/crtend.o
 .data          0x0000000020000c20        0x0 /usr/lib/gcc/arm-none-eabi/10.3.1/thumb/v7e-m+fp/hard/crtn.o
 *(.data*)
                0x0000000020000c20                . = ALIGN (0x4)
                0x0000000020000c20                _edata = .

.tm_clone_table
                0x0000000020000c20        0x0 load address 0x00000000080038e4
 .tm_clone_table
                0x0000000020000c20        0x0 /usr/lib/gcc/arm-none-eabi/10.3.1/thumb/v7e-m+fp/hard/crtbegin.o
 .tm_clone_table
                0x0000000020000c20        0x0 /usr/lib/gcc/arm-none-eabi/10.3.1/thumb/v7e-m+fp/hard/crtend.o

.igot.plt       0x0000000020000c20        0x0 load address 0x00000000080038e4
 .igot.plt      0x0000000020000c20        0x0 /usr/lib/gcc/arm-none-eabi/10.3.1/thumb/v7e-m+fp/hard/crtbegin.o
                0x0000000020000c20                . = ALIGN (0x4)

.bss            0x0000000020000c20       0x94 load address 0x00000000080038e4
                0x0000000020000c20                _sbss = .
                0x0000000020000c20                __bss_start__ = _sbss
 *(.bss)
 .bss           0x0000000020000c20        0x0 /usr/lib/gcc/arm-none-eabi/10.3.1/thumb/v7e-m+fp/hard/crti.o
 .bss           0x0000000020000c20       0x1c /usr/lib/gcc/arm-none-eabi/10.3.1/thumb/v7e-m+fp/hard/crtbegin.o
 .bss           0x0000000020000c3c        0x0 /usr/lib/gcc/arm-none-eabi/10.3.1/../../../arm-none-eabi/lib/thumb/v7e-m+fp/hard/crt0.o
 .bss           0x0000000020000c3c        0x0 startup/stm32f411_periph.o
 .bss           0x0000000020000c3c        0x0 startup/sys_handlers.o
 .bss           0x0000000020000c3c       0x1c startup/rcc.o
                0x0000000020000c3c                sysclks
 .bss           0x0000000020000c58        0x0 startup/system_stm32f4xx.o
 .bss           0x0000000020000c58        0x4 lib/i2c.o
                0x0000000020000c58                nb_irqs_i2c
 .bss           0x0000000020000c5c       0x10 lib/timer.o
 .bss           0x0000000020000c6c        0x1 src/main.o
                0x0000000020000c6c                command
 .bss           0x0000000020000c6d        0x0 libshield/lm75.o
 .bss           0x0000000020000c6d        0x0 libshield/gesture.o
 .bss           0x0000000020000c6d        0x0 libshield/sunlight.o
 .bss           0x0000000020000c6d        0x0 startup/startup_stm32f411xe.o
 .bss           0x0000000020000c6d        0x0 /usr/lib/gcc/arm-none-eabi/10.3.1/../../../arm-none-eabi/lib/thumb/v7e-m+fp/hard/libc.a(lib_a-atexit.o)
 .bss           0x0000000020000c6d        0x0 /usr/lib/gcc/arm-none-eabi/10.3.1/../../../arm-none-eabi/lib/thumb/v7e-m+fp/hard/libc.a(lib_a-exit.o)
 .bss           0x0000000020000c6d        0x0 /usr/lib/gcc/arm-none-eabi/10.3.1/../../../arm-none-eabi/lib/thumb/v7e-m+fp/hard/libc.a(lib_a-fini.o)
 .bss           0x0000000020000c6d        0x0 /usr/lib/gcc/arm-none-eabi/10.3.1/../../../arm-none-eabi/lib/thumb/v7e-m+fp/hard/libc.a(lib_a-impure.o)
 .bss           0x0000000020000c6d        0x0 /usr/lib/gcc/arm-none-eabi/10.3.1/../../../arm-none-eabi/lib/thumb/v7e-m+fp/hard/libc.a(lib_a-init.o)
 .bss           0x0000000020000c6d        0x0 /usr/lib/gcc/arm-none-eabi/10.3.1/../../../arm-none-eabi/lib/thumb/v7e-m+fp/hard/libc.a(lib_a-memset.o)
 .bss           0x0000000020000c6d        0x0 /usr/lib/gcc/arm-none-eabi/10.3.1/../../../arm-none-eabi/lib/thumb/v7e-m+fp/hard/libc.a(lib_a-__atexit.o)
 .bss           0x0000000020000c6d        0x0 /usr/lib/gcc/arm-none-eabi/10.3.1/../../../arm-none-eabi/lib/thumb/v7e-m+fp/hard/libc.a(lib_a-__call_atexit.o)
 *fill*         0x0000000020000c6d        0x3 
 .bss           0x0000000020000c70       0x40 lib/libstm32.a(io.o)
 .bss           0x0000000020000cb0        0x4 lib/libstm32.a(uart.o)
 .bss           0x0000000020000cb4        0x0 lib/libstm32.a(util.o)
 .bss           0x0000000020000cb4        0x0 /usr/lib/gcc/arm-none-eabi/10.3.1/thumb/v7e-m+fp/hard/crtend.o
 .bss           0x0000000020000cb4        0x0 /usr/lib/gcc/arm-none-eabi/10.3.1/thumb/v7e-m+fp/hard/crtn.o
 *(.bss*)
 *(COMMON)
                0x0000000020000cb4                . = ALIGN (0x4)
                0x0000000020000cb4                _ebss = .
                0x0000000020000cb4                __bss_end__ = _ebss

._user_heap_stack
                0x0000000020000cb4      0x600 load address 0x00000000080038e4
                0x0000000020000cb4                . = ALIGN (0x4)
                [!provide]                        PROVIDE (end = .)
                [!provide]                        PROVIDE (_end = .)
                0x0000000020000eb4                . = (. + _Min_Heap_Size)
 *fill*         0x0000000020000cb4      0x200 
                0x00000000200012b4                . = (. + _Min_Stack_Size)
 *fill*         0x0000000020000eb4      0x400 
                0x00000000200012b4                . = ALIGN (0x4)

/DISCARD/
 libc.a(*)
 libm.a(*)
 libgcc.a(*)

.ARM.attributes
                0x0000000000000000       0x30
 *(.ARM.attributes)
 .ARM.attributes
                0x0000000000000000       0x1e /usr/lib/gcc/arm-none-eabi/10.3.1/thumb/v7e-m+fp/hard/crti.o
 .ARM.attributes
                0x000000000000001e       0x34 /usr/lib/gcc/arm-none-eabi/10.3.1/thumb/v7e-m+fp/hard/crtbegin.o
 .ARM.attributes
                0x0000000000000052       0x1c /usr/lib/gcc/arm-none-eabi/10.3.1/../../../arm-none-eabi/lib/thumb/v7e-m+fp/hard/crt0.o
 .ARM.attributes
                0x000000000000006e       0x39 startup/stm32f411_periph.o
 .ARM.attributes
                0x00000000000000a7       0x34 startup/sys_handlers.o
 .ARM.attributes
                0x00000000000000db       0x34 startup/rcc.o
 .ARM.attributes
                0x000000000000010f       0x34 startup/system_stm32f4xx.o
 .ARM.attributes
                0x0000000000000143       0x34 lib/i2c.o
 .ARM.attributes
                0x0000000000000177       0x34 lib/timer.o
 .ARM.attributes
                0x00000000000001ab       0x34 src/main.o
 .ARM.attributes
                0x00000000000001df       0x34 libshield/lm75.o
 .ARM.attributes
                0x0000000000000213       0x34 libshield/gesture.o
 .ARM.attributes
                0x0000000000000247       0x34 libshield/sunlight.o
 .ARM.attributes
                0x000000000000027b       0x21 startup/startup_stm32f411xe.o
 .ARM.attributes
                0x000000000000029c       0x34 /usr/lib/gcc/arm-none-eabi/10.3.1/../../../arm-none-eabi/lib/thumb/v7e-m+fp/hard/libc.a(lib_a-atexit.o)
 .ARM.attributes
                0x00000000000002d0       0x34 /usr/lib/gcc/arm-none-eabi/10.3.1/../../../arm-none-eabi/lib/thumb/v7e-m+fp/hard/libc.a(lib_a-exit.o)
 .ARM.attributes
                0x0000000000000304       0x34 /usr/lib/gcc/arm-none-eabi/10.3.1/../../../arm-none-eabi/lib/thumb/v7e-m+fp/hard/libc.a(lib_a-fini.o)
 .ARM.attributes
                0x0000000000000338       0x32 /usr/lib/gcc/arm-none-eabi/10.3.1/../../../arm-none-eabi/lib/thumb/v7e-m+fp/hard/libc.a(lib_a-impure.o)
 .ARM.attributes
                0x000000000000036a       0x34 /usr/lib/gcc/arm-none-eabi/10.3.1/../../../arm-none-eabi/lib/thumb/v7e-m+fp/hard/libc.a(lib_a-init.o)
 .ARM.attributes
                0x000000000000039e       0x34 /usr/lib/gcc/arm-none-eabi/10.3.1/../../../arm-none-eabi/lib/thumb/v7e-m+fp/hard/libc.a(lib_a-memset.o)
 .ARM.attributes
                0x00000000000003d2       0x34 /usr/lib/gcc/arm-none-eabi/10.3.1/../../../arm-none-eabi/lib/thumb/v7e-m+fp/hard/libc.a(lib_a-__atexit.o)
 .ARM.attributes
                0x0000000000000406       0x34 /usr/lib/gcc/arm-none-eabi/10.3.1/../../../arm-none-eabi/lib/thumb/v7e-m+fp/hard/libc.a(lib_a-__call_atexit.o)
 .ARM.attributes
                0x000000000000043a       0x34 lib/libstm32.a(io.o)
 .ARM.attributes
                0x000000000000046e       0x34 lib/libstm32.a(uart.o)
 .ARM.attributes
                0x00000000000004a2       0x34 lib/libstm32.a(util.o)
 .ARM.attributes
                0x00000000000004d6       0x32 /usr/lib/gcc/arm-none-eabi/10.3.1/thumb/v7e-m+fp/hard/crtend.o
 .ARM.attributes
                0x0000000000000508       0x1e /usr/lib/gcc/arm-none-eabi/10.3.1/thumb/v7e-m+fp/hard/crtn.o
OUTPUT(main.elf elf32-littlearm)
LOAD linker stubs
LOAD /usr/lib/gcc/arm-none-eabi/10.3.1/../../../arm-none-eabi/lib/thumb/v7e-m+fp/hard/libc.a
LOAD /usr/lib/gcc/arm-none-eabi/10.3.1/../../../arm-none-eabi/lib/thumb/v7e-m+fp/hard/libm.a
LOAD /usr/lib/gcc/arm-none-eabi/10.3.1/thumb/v7e-m+fp/hard/libgcc.a

.comment        0x0000000000000000       0x7c
 .comment       0x0000000000000000       0x33 /usr/lib/gcc/arm-none-eabi/10.3.1/thumb/v7e-m+fp/hard/crtbegin.o
                                         0x34 (size before relaxing)
 .comment       0x0000000000000033       0x34 startup/stm32f411_periph.o
 .comment       0x0000000000000033       0x34 startup/sys_handlers.o
 .comment       0x0000000000000033       0x34 startup/rcc.o
 .comment       0x0000000000000033       0x34 startup/system_stm32f4xx.o
 .comment       0x0000000000000033       0x34 lib/i2c.o
 .comment       0x0000000000000033       0x34 lib/timer.o
 .comment       0x0000000000000033       0x34 src/main.o
 .comment       0x0000000000000033       0x34 libshield/lm75.o
 .comment       0x0000000000000033       0x34 libshield/gesture.o
 .comment       0x0000000000000033       0x34 libshield/sunlight.o
 .comment       0x0000000000000033       0x34 /usr/lib/gcc/arm-none-eabi/10.3.1/../../../arm-none-eabi/lib/thumb/v7e-m+fp/hard/libc.a(lib_a-atexit.o)
 .comment       0x0000000000000033       0x34 /usr/lib/gcc/arm-none-eabi/10.3.1/../../../arm-none-eabi/lib/thumb/v7e-m+fp/hard/libc.a(lib_a-exit.o)
 .comment       0x0000000000000033       0x34 /usr/lib/gcc/arm-none-eabi/10.3.1/../../../arm-none-eabi/lib/thumb/v7e-m+fp/hard/libc.a(lib_a-fini.o)
 .comment       0x0000000000000033       0x34 /usr/lib/gcc/arm-none-eabi/10.3.1/../../../arm-none-eabi/lib/thumb/v7e-m+fp/hard/libc.a(lib_a-impure.o)
 .comment       0x0000000000000033       0x34 /usr/lib/gcc/arm-none-eabi/10.3.1/../../../arm-none-eabi/lib/thumb/v7e-m+fp/hard/libc.a(lib_a-init.o)
 .comment       0x0000000000000033       0x34 /usr/lib/gcc/arm-none-eabi/10.3.1/../../../arm-none-eabi/lib/thumb/v7e-m+fp/hard/libc.a(lib_a-memset.o)
 .comment       0x0000000000000033       0x34 /usr/lib/gcc/arm-none-eabi/10.3.1/../../../arm-none-eabi/lib/thumb/v7e-m+fp/hard/libc.a(lib_a-__atexit.o)
 .comment       0x0000000000000033       0x34 /usr/lib/gcc/arm-none-eabi/10.3.1/../../../arm-none-eabi/lib/thumb/v7e-m+fp/hard/libc.a(lib_a-__call_atexit.o)
 .comment       0x0000000000000033       0x49 lib/libstm32.a(io.o)
                                         0x4a (size before relaxing)
 .comment       0x000000000000007c       0x4a lib/libstm32.a(uart.o)
 .comment       0x000000000000007c       0x4a lib/libstm32.a(util.o)
 .comment       0x000000000000007c       0x34 /usr/lib/gcc/arm-none-eabi/10.3.1/thumb/v7e-m+fp/hard/crtend.o

.debug_line     0x0000000000000000     0x2138
 .debug_line    0x0000000000000000       0x87 /usr/lib/gcc/arm-none-eabi/10.3.1/../../../arm-none-eabi/lib/thumb/v7e-m+fp/hard/crt0.o
 .debug_line    0x0000000000000087       0xb5 startup/stm32f411_periph.o
 .debug_line    0x000000000000013c       0x81 startup/sys_handlers.o
 .debug_line    0x00000000000001bd      0x3cf startup/rcc.o
 .debug_line    0x000000000000058c      0x185 startup/system_stm32f4xx.o
 .debug_line    0x0000000000000711      0x448 lib/i2c.o
 .debug_line    0x0000000000000b59      0x3e3 lib/timer.o
 .debug_line    0x0000000000000f3c      0x138 src/main.o
 .debug_line    0x0000000000001074       0xcf libshield/lm75.o
 .debug_line    0x0000000000001143      0x2f3 libshield/gesture.o
 .debug_line    0x0000000000001436      0x15d libshield/sunlight.o
 .debug_line    0x0000000000001593       0x79 startup/startup_stm32f411xe.o
 .debug_line    0x000000000000160c       0xc0 /usr/lib/gcc/arm-none-eabi/10.3.1/../../../arm-none-eabi/lib/thumb/v7e-m+fp/hard/libc.a(lib_a-atexit.o)
 .debug_line    0x00000000000016cc      0x179 /usr/lib/gcc/arm-none-eabi/10.3.1/../../../arm-none-eabi/lib/thumb/v7e-m+fp/hard/libc.a(lib_a-exit.o)
 .debug_line    0x0000000000001845       0xed /usr/lib/gcc/arm-none-eabi/10.3.1/../../../arm-none-eabi/lib/thumb/v7e-m+fp/hard/libc.a(lib_a-fini.o)
 .debug_line    0x0000000000001932       0xe4 /usr/lib/gcc/arm-none-eabi/10.3.1/../../../arm-none-eabi/lib/thumb/v7e-m+fp/hard/libc.a(lib_a-impure.o)
 .debug_line    0x0000000000001a16      0x138 /usr/lib/gcc/arm-none-eabi/10.3.1/../../../arm-none-eabi/lib/thumb/v7e-m+fp/hard/libc.a(lib_a-init.o)
 .debug_line    0x0000000000001b4e      0x1bf /usr/lib/gcc/arm-none-eabi/10.3.1/../../../arm-none-eabi/lib/thumb/v7e-m+fp/hard/libc.a(lib_a-memset.o)
 .debug_line    0x0000000000001d0d      0x19e /usr/lib/gcc/arm-none-eabi/10.3.1/../../../arm-none-eabi/lib/thumb/v7e-m+fp/hard/libc.a(lib_a-__atexit.o)
 .debug_line    0x0000000000001eab      0x28d /usr/lib/gcc/arm-none-eabi/10.3.1/../../../arm-none-eabi/lib/thumb/v7e-m+fp/hard/libc.a(lib_a-__call_atexit.o)

.debug_info     0x0000000000000000     0x86a5
 .debug_info    0x0000000000000000       0x26 /usr/lib/gcc/arm-none-eabi/10.3.1/../../../arm-none-eabi/lib/thumb/v7e-m+fp/hard/crt0.o
 .debug_info    0x0000000000000026     0x2311 startup/stm32f411_periph.o
 .debug_info    0x0000000000002337      0x115 startup/sys_handlers.o
 .debug_info    0x000000000000244c      0x675 startup/rcc.o
 .debug_info    0x0000000000002ac1      0x568 startup/system_stm32f4xx.o
 .debug_info    0x0000000000003029      0xdd1 lib/i2c.o
 .debug_info    0x0000000000003dfa      0xd34 lib/timer.o
 .debug_info    0x0000000000004b2e      0x404 src/main.o
 .debug_info    0x0000000000004f32      0x1c1 libshield/lm75.o
 .debug_info    0x00000000000050f3      0x624 libshield/gesture.o
 .debug_info    0x0000000000005717      0x499 libshield/sunlight.o
 .debug_info    0x0000000000005bb0       0x22 startup/startup_stm32f411xe.o
 .debug_info    0x0000000000005bd2      0x100 /usr/lib/gcc/arm-none-eabi/10.3.1/../../../arm-none-eabi/lib/thumb/v7e-m+fp/hard/libc.a(lib_a-atexit.o)
 .debug_info    0x0000000000005cd2      0x969 /usr/lib/gcc/arm-none-eabi/10.3.1/../../../arm-none-eabi/lib/thumb/v7e-m+fp/hard/libc.a(lib_a-exit.o)
 .debug_info    0x000000000000663b      0x102 /usr/lib/gcc/arm-none-eabi/10.3.1/../../../arm-none-eabi/lib/thumb/v7e-m+fp/hard/libc.a(lib_a-fini.o)
 .debug_info    0x000000000000673d      0x92a /usr/lib/gcc/arm-none-eabi/10.3.1/../../../arm-none-eabi/lib/thumb/v7e-m+fp/hard/libc.a(lib_a-impure.o)
 .debug_info    0x0000000000007067      0x11a /usr/lib/gcc/arm-none-eabi/10.3.1/../../../arm-none-eabi/lib/thumb/v7e-m+fp/hard/libc.a(lib_a-init.o)
 .debug_info    0x0000000000007181      0x137 /usr/lib/gcc/arm-none-eabi/10.3.1/../../../arm-none-eabi/lib/thumb/v7e-m+fp/hard/libc.a(lib_a-memset.o)
 .debug_info    0x00000000000072b8      0x9b0 /usr/lib/gcc/arm-none-eabi/10.3.1/../../../arm-none-eabi/lib/thumb/v7e-m+fp/hard/libc.a(lib_a-__atexit.o)
 .debug_info    0x0000000000007c68      0xa3d /usr/lib/gcc/arm-none-eabi/10.3.1/../../../arm-none-eabi/lib/thumb/v7e-m+fp/hard/libc.a(lib_a-__call_atexit.o)

.debug_abbrev   0x0000000000000000     0x1b32
 .debug_abbrev  0x0000000000000000       0x14 /usr/lib/gcc/arm-none-eabi/10.3.1/../../../arm-none-eabi/lib/thumb/v7e-m+fp/hard/crt0.o
 .debug_abbrev  0x0000000000000014      0x15c startup/stm32f411_periph.o
 .debug_abbrev  0x0000000000000170       0x44 startup/sys_handlers.o
 .debug_abbrev  0x00000000000001b4      0x1da startup/rcc.o
 .debug_abbrev  0x000000000000038e      0x142 startup/system_stm32f4xx.o
 .debug_abbrev  0x00000000000004d0      0x29a lib/i2c.o
 .debug_abbrev  0x000000000000076a      0x276 lib/timer.o
 .debug_abbrev  0x00000000000009e0      0x15d src/main.o
 .debug_abbrev  0x0000000000000b3d      0x104 libshield/lm75.o
 .debug_abbrev  0x0000000000000c41      0x1cc libshield/gesture.o
 .debug_abbrev  0x0000000000000e0d      0x158 libshield/sunlight.o
 .debug_abbrev  0x0000000000000f65       0x12 startup/startup_stm32f411xe.o
 .debug_abbrev  0x0000000000000f77       0xb7 /usr/lib/gcc/arm-none-eabi/10.3.1/../../../arm-none-eabi/lib/thumb/v7e-m+fp/hard/libc.a(lib_a-atexit.o)
 .debug_abbrev  0x000000000000102e      0x20c /usr/lib/gcc/arm-none-eabi/10.3.1/../../../arm-none-eabi/lib/thumb/v7e-m+fp/hard/libc.a(lib_a-exit.o)
 .debug_abbrev  0x000000000000123a       0xcf /usr/lib/gcc/arm-none-eabi/10.3.1/../../../arm-none-eabi/lib/thumb/v7e-m+fp/hard/libc.a(lib_a-fini.o)
 .debug_abbrev  0x0000000000001309      0x1b8 /usr/lib/gcc/arm-none-eabi/10.3.1/../../../arm-none-eabi/lib/thumb/v7e-m+fp/hard/libc.a(lib_a-impure.o)
 .debug_abbrev  0x00000000000014c1       0xcc /usr/lib/gcc/arm-none-eabi/10.3.1/../../../arm-none-eabi/lib/thumb/v7e-m+fp/hard/libc.a(lib_a-init.o)
 .debug_abbrev  0x000000000000158d       0xb4 /usr/lib/gcc/arm-none-eabi/10.3.1/../../../arm-none-eabi/lib/thumb/v7e-m+fp/hard/libc.a(lib_a-memset.o)
 .debug_abbrev  0x0000000000001641      0x23f /usr/lib/gcc/arm-none-eabi/10.3.1/../../../arm-none-eabi/lib/thumb/v7e-m+fp/hard/libc.a(lib_a-__atexit.o)
 .debug_abbrev  0x0000000000001880      0x2b2 /usr/lib/gcc/arm-none-eabi/10.3.1/../../../arm-none-eabi/lib/thumb/v7e-m+fp/hard/libc.a(lib_a-__call_atexit.o)

.debug_aranges  0x0000000000000000      0x280
 .debug_aranges
                0x0000000000000000       0x20 /usr/lib/gcc/arm-none-eabi/10.3.1/../../../arm-none-eabi/lib/thumb/v7e-m+fp/hard/crt0.o
 .debug_aranges
                0x0000000000000020       0x18 startup/stm32f411_periph.o
 .debug_aranges
                0x0000000000000038       0x20 startup/sys_handlers.o
 .debug_aranges
                0x0000000000000058       0x20 startup/rcc.o
 .debug_aranges
                0x0000000000000078       0x20 startup/system_stm32f4xx.o
 .debug_aranges
                0x0000000000000098       0x20 lib/i2c.o
 .debug_aranges
                0x00000000000000b8       0x20 lib/timer.o
 .debug_aranges
                0x00000000000000d8       0x20 src/main.o
 .debug_aranges
                0x00000000000000f8       0x20 libshield/lm75.o
 .debug_aranges
                0x0000000000000118       0x20 libshield/gesture.o
 .debug_aranges
                0x0000000000000138       0x20 libshield/sunlight.o
 .debug_aranges
                0x0000000000000158       0x28 startup/startup_stm32f411xe.o
 .debug_aranges
                0x0000000000000180       0x20 /usr/lib/gcc/arm-none-eabi/10.3.1/../../../arm-none-eabi/lib/thumb/v7e-m+fp/hard/libc.a(lib_a-atexit.o)
 .debug_aranges
                0x00000000000001a0       0x20 /usr/lib/gcc/arm-none-eabi/10.3.1/../../../arm-none-eabi/lib/thumb/v7e-m+fp/hard/libc.a(lib_a-exit.o)
 .debug_aranges
                0x00000000000001c0       0x20 /usr/lib/gcc/arm-none-eabi/10.3.1/../../../arm-none-eabi/lib/thumb/v7e-m+fp/hard/libc.a(lib_a-fini.o)
 .debug_aranges
                0x00000000000001e0       0x18 /usr/lib/gcc/arm-none-eabi/10.3.1/../../../arm-none-eabi/lib/thumb/v7e-m+fp/hard/libc.a(lib_a-impure.o)
 .debug_aranges
                0x00000000000001f8       0x20 /usr/lib/gcc/arm-none-eabi/10.3.1/../../../arm-none-eabi/lib/thumb/v7e-m+fp/hard/libc.a(lib_a-init.o)
 .debug_aranges
                0x0000000000000218       0x20 /usr/lib/gcc/arm-none-eabi/10.3.1/../../../arm-none-eabi/lib/thumb/v7e-m+fp/hard/libc.a(lib_a-memset.o)
 .debug_aranges
                0x0000000000000238       0x20 /usr/lib/gcc/arm-none-eabi/10.3.1/../../../arm-none-eabi/lib/thumb/v7e-m+fp/hard/libc.a(lib_a-__atexit.o)
 .debug_aranges
                0x0000000000000258       0x28 /usr/lib/gcc/arm-none-eabi/10.3.1/../../../arm-none-eabi/lib/thumb/v7e-m+fp/hard/libc.a(lib_a-__call_atexit.o)

.debug_str      0x0000000000000000     0x20ec
 .debug_str     0x0000000000000000       0x98 /usr/lib/gcc/arm-none-eabi/10.3.1/../../../arm-none-eabi/lib/thumb/v7e-m+fp/hard/crt0.o
 .debug_str     0x0000000000000098      0xbd9 startup/stm32f411_periph.o
                                        0xc3d (size before relaxing)
 .debug_str     0x0000000000000c71       0xa7 startup/sys_handlers.o
                                        0x1e4 (size before relaxing)
 .debug_str     0x0000000000000d18      0x232 startup/rcc.o
                                        0x4e5 (size before relaxing)
 .debug_str     0x0000000000000f4a       0x79 startup/system_stm32f4xx.o
                                        0x3fb (size before relaxing)
 .debug_str     0x0000000000000fc3      0x525 lib/i2c.o
                                        0x91f (size before relaxing)
 .debug_str     0x00000000000014e8      0x145 lib/timer.o
                                        0x8db (size before relaxing)
 .debug_str     0x000000000000162d       0x68 src/main.o
                                        0x24c (size before relaxing)
 .debug_str     0x0000000000001695       0x29 libshield/lm75.o
                                        0x1b0 (size before relaxing)
 .debug_str     0x00000000000016be       0x80 libshield/gesture.o
                                        0x270 (size before relaxing)
 .debug_str     0x000000000000173e       0xed libshield/sunlight.o
                                        0x2ab (size before relaxing)
 .debug_str     0x000000000000182b       0x2a startup/startup_stm32f411xe.o
                                         0x46 (size before relaxing)
 .debug_str     0x0000000000001855      0x154 /usr/lib/gcc/arm-none-eabi/10.3.1/../../../arm-none-eabi/lib/thumb/v7e-m+fp/hard/libc.a(lib_a-atexit.o)
                                        0x1e4 (size before relaxing)
 .debug_str     0x00000000000019a9      0x3f9 /usr/lib/gcc/arm-none-eabi/10.3.1/../../../arm-none-eabi/lib/thumb/v7e-m+fp/hard/libc.a(lib_a-exit.o)
                                        0x58b (size before relaxing)
 .debug_str     0x0000000000001da2       0xc8 /usr/lib/gcc/arm-none-eabi/10.3.1/../../../arm-none-eabi/lib/thumb/v7e-m+fp/hard/libc.a(lib_a-fini.o)
                                        0x1dc (size before relaxing)
 .debug_str     0x0000000000001e6a       0x9b /usr/lib/gcc/arm-none-eabi/10.3.1/../../../arm-none-eabi/lib/thumb/v7e-m+fp/hard/libc.a(lib_a-impure.o)
                                        0x582 (size before relaxing)
 .debug_str     0x0000000000001f05       0x90 /usr/lib/gcc/arm-none-eabi/10.3.1/../../../arm-none-eabi/lib/thumb/v7e-m+fp/hard/libc.a(lib_a-init.o)
                                        0x206 (size before relaxing)
 .debug_str     0x0000000000001f95       0xa5 /usr/lib/gcc/arm-none-eabi/10.3.1/../../../arm-none-eabi/lib/thumb/v7e-m+fp/hard/libc.a(lib_a-memset.o)
                                        0x1bb (size before relaxing)
 .debug_str     0x000000000000203a       0x36 /usr/lib/gcc/arm-none-eabi/10.3.1/../../../arm-none-eabi/lib/thumb/v7e-m+fp/hard/libc.a(lib_a-__atexit.o)
                                        0x5bc (size before relaxing)
 .debug_str     0x0000000000002070       0x7c /usr/lib/gcc/arm-none-eabi/10.3.1/../../../arm-none-eabi/lib/thumb/v7e-m+fp/hard/libc.a(lib_a-__call_atexit.o)
                                        0x5e8 (size before relaxing)

.debug_frame    0x0000000000000000      0xb38
 .debug_frame   0x0000000000000000      0x110 startup/sys_handlers.o
 .debug_frame   0x0000000000000110       0xd0 startup/rcc.o
 .debug_frame   0x00000000000001e0       0x54 startup/system_stm32f4xx.o
 .debug_frame   0x0000000000000234      0x214 lib/i2c.o
 .debug_frame   0x0000000000000448      0x284 lib/timer.o
 .debug_frame   0x00000000000006cc       0x58 src/main.o
 .debug_frame   0x0000000000000724       0x34 libshield/lm75.o
 .debug_frame   0x0000000000000758       0xec libshield/gesture.o
 .debug_frame   0x0000000000000844      0x190 libshield/sunlight.o
 .debug_frame   0x00000000000009d4       0x20 /usr/lib/gcc/arm-none-eabi/10.3.1/../../../arm-none-eabi/lib/thumb/v7e-m+fp/hard/libc.a(lib_a-atexit.o)
 .debug_frame   0x00000000000009f4       0x28 /usr/lib/gcc/arm-none-eabi/10.3.1/../../../arm-none-eabi/lib/thumb/v7e-m+fp/hard/libc.a(lib_a-exit.o)
 .debug_frame   0x0000000000000a1c       0x34 /usr/lib/gcc/arm-none-eabi/10.3.1/../../../arm-none-eabi/lib/thumb/v7e-m+fp/hard/libc.a(lib_a-fini.o)
 .debug_frame   0x0000000000000a50       0x2c /usr/lib/gcc/arm-none-eabi/10.3.1/../../../arm-none-eabi/lib/thumb/v7e-m+fp/hard/libc.a(lib_a-init.o)
 .debug_frame   0x0000000000000a7c       0x2c /usr/lib/gcc/arm-none-eabi/10.3.1/../../../arm-none-eabi/lib/thumb/v7e-m+fp/hard/libc.a(lib_a-memset.o)
 .debug_frame   0x0000000000000aa8       0x34 /usr/lib/gcc/arm-none-eabi/10.3.1/../../../arm-none-eabi/lib/thumb/v7e-m+fp/hard/libc.a(lib_a-__atexit.o)
 .debug_frame   0x0000000000000adc       0x5c /usr/lib/gcc/arm-none-eabi/10.3.1/../../../arm-none-eabi/lib/thumb/v7e-m+fp/hard/libc.a(lib_a-__call_atexit.o)

.debug_ranges   0x0000000000000000       0xf0
 .debug_ranges  0x0000000000000000       0x80 libshield/gesture.o
 .debug_ranges  0x0000000000000080       0x20 startup/startup_stm32f411xe.o
 .debug_ranges  0x00000000000000a0       0x50 /usr/lib/gcc/arm-none-eabi/10.3.1/../../../arm-none-eabi/lib/thumb/v7e-m+fp/hard/libc.a(lib_a-__call_atexit.o)

.debug_loc      0x0000000000000000      0x6a6
 .debug_loc     0x0000000000000000       0x32 /usr/lib/gcc/arm-none-eabi/10.3.1/../../../arm-none-eabi/lib/thumb/v7e-m+fp/hard/libc.a(lib_a-atexit.o)
 .debug_loc     0x0000000000000032       0x22 /usr/lib/gcc/arm-none-eabi/10.3.1/../../../arm-none-eabi/lib/thumb/v7e-m+fp/hard/libc.a(lib_a-exit.o)
 .debug_loc     0x0000000000000054       0x68 /usr/lib/gcc/arm-none-eabi/10.3.1/../../../arm-none-eabi/lib/thumb/v7e-m+fp/hard/libc.a(lib_a-fini.o)
 .debug_loc     0x00000000000000bc       0xba /usr/lib/gcc/arm-none-eabi/10.3.1/../../../arm-none-eabi/lib/thumb/v7e-m+fp/hard/libc.a(lib_a-init.o)
 .debug_loc     0x0000000000000176      0x22c /usr/lib/gcc/arm-none-eabi/10.3.1/../../../arm-none-eabi/lib/thumb/v7e-m+fp/hard/libc.a(lib_a-memset.o)
 .debug_loc     0x00000000000003a2      0x138 /usr/lib/gcc/arm-none-eabi/10.3.1/../../../arm-none-eabi/lib/thumb/v7e-m+fp/hard/libc.a(lib_a-__atexit.o)
 .debug_loc     0x00000000000004da      0x1cc /usr/lib/gcc/arm-none-eabi/10.3.1/../../../arm-none-eabi/lib/thumb/v7e-m+fp/hard/libc.a(lib_a-__call_atexit.o)
